// Jest Snapshot v1, https://goo.gl/fbAQLP

exports[`renders correctly 1`] = `
<div
  className="container"
>
  <p
    className="description"
  >
    No Movie Found
  </p>
</div>
`;
